
Allocating common symbols
Common symbol       size              file

array               0x2580            main.o
g_heap              0x4               lib/malloc.o

Discarded input sections

 .drectve       0x00000000       0x18 main.o
 .drectve       0x00000000       0x18 lib/malloc.o

Memory Configuration

Name             Origin             Length             Attributes
*default*        0x00000000         0xffffffff

Linker script and memory map

                0x00400000                __image_base__ = 0x400000
                0x00000000                __dll__ = 0x0
                0x00400000                ___ImageBase = 0x400000
                0x00001000                __section_alignment__ = 0x1000
                0x00000200                __file_alignment__ = 0x200
                0x00000004                __major_os_version__ = 0x4
                0x00000000                __minor_os_version__ = 0x0
                0x00000001                __major_image_version__ = 0x1
                0x00000000                __minor_image_version__ = 0x0
                0x00000004                __major_subsystem_version__ = 0x4
                0x00000000                __minor_subsystem_version__ = 0x0
                0x00000003                __subsystem__ = 0x3
                0x00200000                __size_of_stack_reserve__ = 0x200000
                0x00001000                __size_of_stack_commit__ = 0x1000
                0x00100000                __size_of_heap_reserve__ = 0x100000
                0x00001000                __size_of_heap_commit__ = 0x1000
                0x00000000                __loader_flags__ = 0x0
                0x00008000                __dll_characteristics__ = 0x8000
LOAD lib/crt0.o
LOAD lib/setjmp.o
LOAD lib/syscall-wrapper.o
LOAD vm86call.o
LOAD graphics.o
LOAD main.o
LOAD lib/sysconf.o
LOAD lib/math.o
LOAD lib/stdio.o
LOAD lib/stdlib.o
LOAD lib/qsort.o
LOAD ../lib/softfloat.o
LOAD ../lib/string.o
LOAD ../lib/memcpy.o
LOAD ../lib/memset.o
LOAD ../lib/snprintf.o
LOAD lib/malloc.o
LOAD ../lib/tlsf/tlsf.o
                0x000003a8                . = SIZEOF_HEADERS
                0x00001000                . = ALIGN (__section_alignment__)

.text           0x00401000     0x4e00
 *(.init)
 *(.text)
 .text          0x00401000        0x8 lib/crt0.o
                0x00401000                start
 .text          0x00401008       0x38 lib/setjmp.o
                0x00401008                setjmp
                0x00401022                longjmp
 .text          0x00401040       0xb0 lib/syscall-wrapper.o
                0x00401040                task_exit
                0x00401048                task_create
                0x00401050                task_getid
                0x00401058                task_yield
                0x00401060                task_wait
                0x00401068                reboot
                0x00401070                mmap
                0x00401078                munmap
                0x00401080                sleep
                0x00401088                nanosleep
                0x00401090                beep
                0x00401098                vm86
                0x004010a0                putchar
                0x004010a8                getchar
                0x004010b0                recv
                0x004010b8                send
                0x004010c0                ioctl
                0x004010c8                sem_create
                0x004010d0                sem_destroy
                0x004010d8                sem_wait
                0x004010e0                sem_signal
                0x004010e8                time
 .text          0x004010f0      0x120 vm86call.o
                0x004010f0                vm86call
 .text          0x00401210      0xb70 graphics.o
                0x004013f0                list_graphic_modes
                0x00401600                init_graphic
                0x00401930                exit_graphic
                0x00401980                setPixel
                0x00401c20                line
 .text          0x00401d80      0x2f0 main.o
                0x00401d80                task_conducter
                0x00401ed0                task_consumer
                0x00401fc0                task_controler
                0x00402020                __main
 .text          0x00402070       0x20 lib/sysconf.o
                0x00402070                sysconf
 .text          0x00402090      0x3c0 lib/math.o
                0x00402090                fabs
                0x004020a0                floor
                0x004020f0                ceil
                0x00402140                sin
                0x00402150                cos
                0x00402160                sqrt
                0x00402170                log2
                0x00402180                atan2
                0x00402190                tan
                0x004021a0                cot
                0x004021b0                pow
                0x00402220                exp
                0x00402270                log
                0x00402280                atan
 .text          0x00402450      0x1c0 lib/stdio.o
                0x00402450                printf
                0x004024b0                fprintf
                0x00402510                vprintf
                0x00402570                vfprintf
                0x00402590                vsprintf
                0x004025c0                sprintf
                0x004025f0                fputc
 .text          0x00402610      0x640 lib/stdlib.o
                0x00402610                exit
                0x00402620                ldiv
                0x00402640                div
                0x00402660                rand_r
                0x004026d0                rand
                0x00402740                srand
                0x00402750                strtol
                0x00402990                strtoul
                0x00402be0                atol
                0x00402c10                strdup
 .text          0x00402c50      0x870 lib/qsort.o
                0x00402c50                qsort
 .text          0x004034c0      0x280 ../lib/softfloat.o
                0x00403590                __udivmoddi4
                0x004035d0                __divdi3
                0x00403640                __moddi3
                0x004036b0                __udivdi3
                0x004036f0                __umoddi3
 .text          0x00403740      0x380 ../lib/string.o
                0x00403740                memcmp
                0x00403780                memmove
                0x004037d0                memchr
                0x00403800                strcat
                0x00403830                strcmp
                0x00403860                strncmp
                0x004038a0                strchr
                0x004038d0                strrchr
                0x004038f0                strstr
                0x00403990                strcpy
                0x004039c0                strlen
                0x004039e0                strncpy
                0x00403a20                strcasecmp
                0x00403a60                strncasecmp
 .text          0x00403ac0      0x590 ../lib/memcpy.o
                0x00403ac0                memcpy
 .text          0x00404050       0xa0 ../lib/memset.o
                0x00404050                memset
 .text          0x004040f0      0xec0 ../lib/snprintf.o
                0x00404f40                vsnprintf
                0x00404f70                snprintf
 .text          0x00404fb0       0xf0 lib/malloc.o
                0x00404fb0                malloc
                0x00404fd0                calloc
                0x00405020                memalign
                0x00405050                realloc
                0x00405080                free
 .text          0x004050a0      0xaf0 ../lib/tlsf/tlsf.o
                0x00405490                tlsf_check
                0x004055d0                tlsf_walk_pool
                0x00405640                tlsf_block_size
                0x00405660                tlsf_check_pool
                0x004056a0                tlsf_size
                0x004056b0                tlsf_align_size
                0x004056c0                tlsf_block_size_min
                0x004056d0                tlsf_block_size_max
                0x004056e0                tlsf_pool_overhead
                0x004056f0                tlsf_alloc_overhead
                0x00405700                tlsf_add_pool
                0x00405760                tlsf_remove_pool
                0x004057b0                tlsf_create
                0x00405800                tlsf_create_with_pool
                0x00405880                tlsf_destroy
                0x00405890                tlsf_get_pool
                0x004058a0                tlsf_malloc
                0x004058e0                tlsf_memalign
                0x00405a10                tlsf_free
                0x00405a30                tlsf_realloc
 *(SORT_BY_NAME(.text$*))
 *(.text.*)
 .text.startup  0x00405b90      0x100 main.o
                0x00405b90                main
 *(.gnu.linkonce.t.*)
 *(.glue_7t)
 *(.glue_7)
                0x00405c90                ___CTOR_LIST__ = .
                0x00405c90                __CTOR_LIST__ = .
                0x00405c90        0x4 LONG 0xffffffff
 *(.ctors)
 *(.ctor)
 *(SORT_BY_NAME(.ctors.*))
                0x00405c94        0x4 LONG 0x0
                0x00405c98                ___DTOR_LIST__ = .
                0x00405c98                __DTOR_LIST__ = .
                0x00405c98        0x4 LONG 0xffffffff
 *(.dtors)
 *(.dtor)
 *(SORT_BY_NAME(.dtors.*))
                0x00405c9c        0x4 LONG 0x0
 *(.fini)
 *(.gcc_exc)
                [!provide]                PROVIDE (etext = .)
                [!provide]                PROVIDE (_etext = .)
 *(.gcc_except_table)

.data           0x00406000      0x200
                0x00406000                __data_start__ = .
 *(.data)
 .data          0x00406000        0x0 lib/crt0.o
 .data          0x00406000        0x0 lib/setjmp.o
 .data          0x00406000        0x0 lib/syscall-wrapper.o
 .data          0x00406000        0x0 vm86call.o
 .data          0x00406000        0x4 graphics.o
 .data          0x00406004        0x8 main.o
                0x00406004                delay2
                0x00406008                delay1
 .data          0x0040600c        0x0 lib/sysconf.o
 .data          0x0040600c        0x0 lib/math.o
 .data          0x0040600c        0x0 lib/stdio.o
 .data          0x0040600c        0x4 lib/stdlib.o
 .data          0x00406010        0x0 lib/qsort.o
 .data          0x00406010        0x0 ../lib/softfloat.o
 .data          0x00406010        0x0 ../lib/string.o
 .data          0x00406010        0x0 ../lib/memcpy.o
 .data          0x00406010        0x0 ../lib/memset.o
 .data          0x00406010        0x0 ../lib/snprintf.o
 .data          0x00406010        0x0 lib/malloc.o
 .data          0x00406010        0x0 ../lib/tlsf/tlsf.o
 *(.data2)
 *(SORT_BY_NAME(.data$*))
 *(.jcr)
                0x00406010                __data_end__ = .
 *(.data_cygwin_nocopy)

.rdata          0x00407000      0xc00
 *(.rdata)
 .rdata         0x00407000       0x2c vm86call.o
 .rdata         0x0040702c      0x260 graphics.o
 .rdata         0x0040728c       0x30 main.o
 *fill*         0x004072bc        0x4 
 .rdata         0x004072c0       0xe0 lib/math.o
 .rdata         0x004073a0      0x100 ../lib/string.o
 .rdata         0x004074a0       0x20 ../lib/memcpy.o
 .rdata         0x004074c0      0x474 ../lib/snprintf.o
 *(SORT_BY_NAME(.rdata$*))
 .rdata$zzz     0x00407934       0x14 vm86call.o
 .rdata$zzz     0x00407948       0x14 graphics.o
 .rdata$zzz     0x0040795c       0x14 main.o
 .rdata$zzz     0x00407970       0x14 lib/sysconf.o
 .rdata$zzz     0x00407984       0x14 lib/math.o
 .rdata$zzz     0x00407998       0x14 lib/stdio.o
 .rdata$zzz     0x004079ac       0x14 lib/stdlib.o
 .rdata$zzz     0x004079c0       0x14 lib/qsort.o
 .rdata$zzz     0x004079d4       0x14 ../lib/softfloat.o
 .rdata$zzz     0x004079e8       0x14 ../lib/string.o
 .rdata$zzz     0x004079fc       0x14 ../lib/memcpy.o
 .rdata$zzz     0x00407a10       0x14 ../lib/memset.o
 .rdata$zzz     0x00407a24       0x14 ../lib/snprintf.o
 .rdata$zzz     0x00407a38       0x14 lib/malloc.o
 .rdata$zzz     0x00407a4c       0x14 ../lib/tlsf/tlsf.o
                0x00407a60                __rt_psrelocs_start = .
 *(.rdata_runtime_pseudo_reloc)
                0x00407a60                __rt_psrelocs_end = .
                0x00000000                __rt_psrelocs_size = (__rt_psrelocs_end - __rt_psrelocs_start)
                0x00407a60                ___RUNTIME_PSEUDO_RELOC_LIST_END__ = .
                0x00407a60                __RUNTIME_PSEUDO_RELOC_LIST_END__ = .
                0x00407a60                ___RUNTIME_PSEUDO_RELOC_LIST__ = (. - __rt_psrelocs_size)
                0x00407a60                __RUNTIME_PSEUDO_RELOC_LIST__ = (. - __rt_psrelocs_size)

.buildid        0x00408000      0x200
 .buildid       0x00408000       0x35 lib/crt0.o

.eh_frame       0x00409000     0x1400
 *(.eh_frame*)
 .eh_frame      0x00409000       0x58 vm86call.o
 .eh_frame      0x00409058      0x1dc graphics.o
 .eh_frame      0x00409234       0xb4 main.o
 .eh_frame      0x004092e8       0x2c lib/sysconf.o
 .eh_frame      0x00409314      0x180 lib/math.o
 .eh_frame      0x00409494      0x118 lib/stdio.o
 .eh_frame      0x004095ac      0x1a4 lib/stdlib.o
 .eh_frame      0x00409750       0x70 lib/qsort.o
 .eh_frame      0x004097c0      0x158 ../lib/softfloat.o
 .eh_frame      0x00409918      0x240 ../lib/string.o
 .eh_frame      0x00409b58       0x88 ../lib/memcpy.o
 .eh_frame      0x00409be0       0x64 ../lib/memset.o
 .eh_frame      0x00409c44       0xf0 ../lib/snprintf.o
 .eh_frame      0x00409d34       0xa4 lib/malloc.o
 .eh_frame      0x00409dd8      0x530 ../lib/tlsf/tlsf.o

.pdata
 *(.pdata*)

.bss            0x0040b000     0x4e44
                0x0040b000                __bss_start__ = .
 *(.bss)
 .bss           0x0040b000        0x0 lib/crt0.o
 .bss           0x0040b000        0x0 lib/setjmp.o
 .bss           0x0040b000        0x0 lib/syscall-wrapper.o
 .bss           0x0040b000        0x0 vm86call.o
 .bss           0x0040b000      0x320 graphics.o
                0x0040b000                g_graphic_dev
 .bss           0x0040b320     0x25a0 main.o
                0x0040b320                temp
 .bss           0x0040d8c0        0x0 lib/sysconf.o
 .bss           0x0040d8c0        0x0 lib/math.o
 .bss           0x0040d8c0        0x0 lib/stdio.o
 .bss           0x0040d8c0        0x0 lib/stdlib.o
 .bss           0x0040d8c0        0x0 lib/qsort.o
 .bss           0x0040d8c0        0x0 ../lib/softfloat.o
 .bss           0x0040d8c0        0x0 ../lib/string.o
 .bss           0x0040d8c0        0x0 ../lib/memcpy.o
 .bss           0x0040d8c0        0x0 ../lib/memset.o
 .bss           0x0040d8c0        0x0 ../lib/snprintf.o
 .bss           0x0040d8c0        0x0 lib/malloc.o
 .bss           0x0040d8c0        0x0 ../lib/tlsf/tlsf.o
 *(COMMON)
 COMMON         0x0040d8c0     0x2580 main.o
                0x0040d8c0                array
 COMMON         0x0040fe40        0x4 lib/malloc.o
                0x0040fe40                g_heap
                0x0040fe44                __bss_end__ = .

.edata
 *(.edata)

/DISCARD/
 *(.debug$S)
 *(.debug$T)
 *(.debug$F)
 *(.drectve)
 *(.note.GNU-stack)
 *(.gnu.lto_*)

.idata          0x00410000      0x200
 SORT_BY_NAME(*)(.idata$2)
 SORT_BY_NAME(*)(.idata$3)
                0x00410000        0x4 LONG 0x0
                0x00410004        0x4 LONG 0x0
                0x00410008        0x4 LONG 0x0
                0x0041000c        0x4 LONG 0x0
                0x00410010        0x4 LONG 0x0
 SORT_BY_NAME(*)(.idata$4)
                0x00410014                __IAT_start__ = .
 SORT_BY_NAME(*)(.idata$5)
                0x00410014                __IAT_end__ = .
 SORT_BY_NAME(*)(.idata$6)
 SORT_BY_NAME(*)(.idata$7)

.CRT            0x00411000        0x0
                0x00411000                ___crt_xc_start__ = .
 *(SORT_BY_NAME(.CRT$XC*))
                0x00411000                ___crt_xc_end__ = .
                0x00411000                ___crt_xi_start__ = .
 *(SORT_BY_NAME(.CRT$XI*))
                0x00411000                ___crt_xi_end__ = .
                0x00411000                ___crt_xl_start__ = .
 *(SORT_BY_NAME(.CRT$XL*))
                0x00411000                ___crt_xp_start__ = .
 *(SORT_BY_NAME(.CRT$XP*))
                0x00411000                ___crt_xp_end__ = .
                0x00411000                ___crt_xt_start__ = .
 *(SORT_BY_NAME(.CRT$XT*))
                0x00411000                ___crt_xt_end__ = .

.tls            0x00411000        0x0
                0x00411000                ___tls_start__ = .
 *(.tls$AAA)
 *(.tls)
 *(.tls$)
 *(SORT_BY_NAME(.tls$*))
 *(.tls$ZZZ)
                0x00411000                ___tls_end__ = .

.endjunk        0x00411000        0x0
                [!provide]                PROVIDE (end = .)
                [!provide]                PROVIDE (_end = .)
                0x00411000                __end__ = .

.rsrc
 *(.rsrc)
 *(.rsrc$*)

.reloc
 *(.reloc)

.stab
 *(.stab)

.stabstr
 *(.stabstr)

.debug_aranges  0x00411000      0x200
 *(.debug_aranges)
 .debug_aranges
                0x00411000       0x20 vm86call.o
 .debug_aranges
                0x00411020       0x20 graphics.o
 .debug_aranges
                0x00411040       0x28 main.o
 .debug_aranges
                0x00411068       0x20 lib/sysconf.o
 .debug_aranges
                0x00411088       0x20 lib/math.o
 .debug_aranges
                0x004110a8       0x20 lib/stdio.o
 .debug_aranges
                0x004110c8       0x20 lib/stdlib.o
 .debug_aranges
                0x004110e8       0x20 lib/qsort.o
 .debug_aranges
                0x00411108       0x20 ../lib/softfloat.o
 .debug_aranges
                0x00411128       0x20 ../lib/string.o
 .debug_aranges
                0x00411148       0x20 ../lib/memcpy.o
 .debug_aranges
                0x00411168       0x20 ../lib/memset.o
 .debug_aranges
                0x00411188       0x20 ../lib/snprintf.o
 .debug_aranges
                0x004111a8       0x20 lib/malloc.o
 .debug_aranges
                0x004111c8       0x20 ../lib/tlsf/tlsf.o

.zdebug_aranges
 *(.zdebug_aranges)

.debug_pubnames
 *(.debug_pubnames)

.zdebug_pubnames
 *(.zdebug_pubnames)

.debug_pubtypes
 *(.debug_pubtypes)

.zdebug_pubtypes
 *(.zdebug_pubtypes)

.debug_info     0x00412000     0xae00
 *(.debug_info .gnu.linkonce.wi.*)
 .debug_info    0x00412000      0x3c7 vm86call.o
 .debug_info    0x004123c7     0x1355 graphics.o
 .debug_info    0x0041371c      0x8fd main.o
 .debug_info    0x00414019      0x10a lib/sysconf.o
 .debug_info    0x00414123      0x700 lib/math.o
 .debug_info    0x00414823      0x5bd lib/stdio.o
 .debug_info    0x00414de0      0x90d lib/stdlib.o
 .debug_info    0x004156ed     0x10ce lib/qsort.o
 .debug_info    0x004167bb      0x578 ../lib/softfloat.o
 .debug_info    0x00416d33      0x84c ../lib/string.o
 .debug_info    0x0041757f      0x3c3 ../lib/memcpy.o
 .debug_info    0x00417942      0x225 ../lib/memset.o
 .debug_info    0x00417b67     0x127e ../lib/snprintf.o
 .debug_info    0x00418de5      0x366 lib/malloc.o
 .debug_info    0x0041914b     0x3b80 ../lib/tlsf/tlsf.o

.zdebug_info
 *(.zdebug_info .zdebug.gnu.linkonce.wi.*)

.debug_abbrev   0x0041d000     0x1e00
 *(.debug_abbrev)
 .debug_abbrev  0x0041d000       0xf0 vm86call.o
 .debug_abbrev  0x0041d0f0      0x367 graphics.o
 .debug_abbrev  0x0041d457      0x1cb main.o
 .debug_abbrev  0x0041d622       0x4e lib/sysconf.o
 .debug_abbrev  0x0041d670      0x1b1 lib/math.o
 .debug_abbrev  0x0041d821      0x170 lib/stdio.o
 .debug_abbrev  0x0041d991      0x26e lib/stdlib.o
 .debug_abbrev  0x0041dbff      0x23c lib/qsort.o
 .debug_abbrev  0x0041de3b      0x17f ../lib/softfloat.o
 .debug_abbrev  0x0041dfba      0x19b ../lib/string.o
 .debug_abbrev  0x0041e155       0xad ../lib/memcpy.o
 .debug_abbrev  0x0041e202       0x95 ../lib/memset.o
 .debug_abbrev  0x0041e297      0x359 ../lib/snprintf.o
 .debug_abbrev  0x0041e5f0      0x158 lib/malloc.o
 .debug_abbrev  0x0041e748      0x4f1 ../lib/tlsf/tlsf.o

.zdebug_abbrev
 *(.zdebug_abbrev)

.debug_line     0x0041f000     0x5800
 *(.debug_line)
 .debug_line    0x0041f000      0x1b5 vm86call.o
 .debug_line    0x0041f1b5      0x845 graphics.o
 .debug_line    0x0041f9fa      0x3a4 main.o
 .debug_line    0x0041fd9e       0x48 lib/sysconf.o
 .debug_line    0x0041fde6      0x351 lib/math.o
 .debug_line    0x00420137      0x169 lib/stdio.o
 .debug_line    0x004202a0      0x695 lib/stdlib.o
 .debug_line    0x00420935      0x6d8 lib/qsort.o
 .debug_line    0x0042100d      0x264 ../lib/softfloat.o
 .debug_line    0x00421271      0x456 ../lib/string.o
 .debug_line    0x004216c7      0x969 ../lib/memcpy.o
 .debug_line    0x00422030      0x186 ../lib/memset.o
 .debug_line    0x004221b6      0xd5c ../lib/snprintf.o
 .debug_line    0x00422f12       0xff lib/malloc.o
 .debug_line    0x00423011     0x16b0 ../lib/tlsf/tlsf.o

.zdebug_line
 *(.zdebug_line)

.debug_frame
 *(.debug_frame*)

.zdebug_frame
 *(.zdebug_frame*)

.debug_str      0x00425000      0x200
 *(.debug_str)
 .debug_str     0x00425000        0x0 vm86call.o
 .debug_str     0x00425000       0x63 graphics.o
 .debug_str     0x00425063       0x63 main.o
 .debug_str     0x004250c6        0x0 lib/sysconf.o
 .debug_str     0x004250c6        0x0 lib/math.o
 .debug_str     0x004250c6        0xf lib/stdio.o
 .debug_str     0x004250d5        0xa lib/stdlib.o
 .debug_str     0x004250df        0x9 lib/qsort.o
 .debug_str     0x004250e8        0x0 ../lib/softfloat.o
 .debug_str     0x004250e8        0x0 ../lib/string.o
 .debug_str     0x004250e8       0x17 ../lib/memcpy.o
 .debug_str     0x004250ff        0x0 ../lib/memset.o
 .debug_str     0x004250ff       0x2c ../lib/snprintf.o
 .debug_str     0x0042512b       0x37 lib/malloc.o
 .debug_str     0x00425162       0x6e ../lib/tlsf/tlsf.o

.zdebug_str
 *(.zdebug_str)

.debug_loc      0x00426000     0xcc00
 *(.debug_loc)
 .debug_loc     0x00426000      0x22c vm86call.o
 .debug_loc     0x0042622c      0xa59 graphics.o
 .debug_loc     0x00426c85      0x15e main.o
 .debug_loc     0x00426de3      0x7bd lib/math.o
 .debug_loc     0x004275a0      0x233 lib/stdio.o
 .debug_loc     0x004277d3      0xb6a lib/stdlib.o
 .debug_loc     0x0042833d     0x1b93 lib/qsort.o
 .debug_loc     0x00429ed0      0x6a1 ../lib/softfloat.o
 .debug_loc     0x0042a571      0xba9 ../lib/string.o
 .debug_loc     0x0042b11a     0x1568 ../lib/memcpy.o
 .debug_loc     0x0042c682      0x241 ../lib/memset.o
 .debug_loc     0x0042c8c3     0x2805 ../lib/snprintf.o
 .debug_loc     0x0042f0c8       0x44 lib/malloc.o
 .debug_loc     0x0042f10c     0x3ad4 ../lib/tlsf/tlsf.o

.zdebug_loc
 *(.zdebug_loc)

.debug_macinfo
 *(.debug_macinfo)

.zdebug_macinfo
 *(.zdebug_macinfo)

.debug_weaknames
 *(.debug_weaknames)

.zdebug_weaknames
 *(.zdebug_weaknames)

.debug_funcnames
 *(.debug_funcnames)

.zdebug_funcnames
 *(.zdebug_funcnames)

.debug_typenames
 *(.debug_typenames)

.zdebug_typenames
 *(.zdebug_typenames)

.debug_varnames
 *(.debug_varnames)

.zdebug_varnames
 *(.zdebug_varnames)

.debug_macro
 *(.debug_macro)

.zdebug_macro
 *(.zdebug_macro)

.debug_ranges   0x00433000     0x1200
 *(.debug_ranges)
 .debug_ranges  0x00433000       0x18 vm86call.o
 .debug_ranges  0x00433018       0x20 graphics.o
 .debug_ranges  0x00433038       0x60 main.o
 .debug_ranges  0x00433098       0x50 lib/math.o
 .debug_ranges  0x004330e8       0x40 lib/stdlib.o
 .debug_ranges  0x00433128      0x308 lib/qsort.o
 .debug_ranges  0x00433430       0x50 ../lib/softfloat.o
 .debug_ranges  0x00433480       0x70 ../lib/string.o
 .debug_ranges  0x004334f0       0x98 ../lib/memcpy.o
 .debug_ranges  0x00433588      0x1f0 ../lib/snprintf.o
 .debug_ranges  0x00433778       0x18 lib/malloc.o
 .debug_ranges  0x00433790      0xa70 ../lib/tlsf/tlsf.o

.zdebug_ranges
 *(.zdebug_ranges)

.debug_types
 *(.debug_types .gnu.linkonce.wt.*)

.zdebug_types
 *(.zdebug_types .gnu.linkonce.wt.*)

.debug_gdb_scripts
 *(.debug_gdb_scripts)

.zdebug_gdb_scripts
 *(.zdebug_gdb_scripts)
OUTPUT(a.out pei-i386)
