
Allocating common symbols
Common symbol       size              file

g_task_own_fpu      0x4               task.o
g_startup_time      0x4               machdep.o
task0               0x4               task.o
g_task_running      0x4               task.o
g_resched           0x4               task.o
g_intr_vector       0x40              startup.o
g_ram_zone          0x40              startup.o
g_volinfo           0x34              startup.o
g_task_head         0x4               task.o

Memory Configuration

Name             Origin             Length             Attributes
*default*        0x0000000000000000 0xffffffffffffffff

Linker script and memory map

                0x0000000000400000                __image_base__ = 0x400000
                0x0000000000000000                __dll__ = 0x0
                0x0000000000400000                ___ImageBase = 0x400000
                0x0000000000001000                __section_alignment__ = 0x1000
                0x0000000000000200                __file_alignment__ = 0x200
                0x0000000000000004                __major_os_version__ = 0x4
                0x0000000000000000                __minor_os_version__ = 0x0
                0x0000000000000001                __major_image_version__ = 0x1
                0x0000000000000000                __minor_image_version__ = 0x0
                0x0000000000000004                __major_subsystem_version__ = 0x4
                0x0000000000000000                __minor_subsystem_version__ = 0x0
                0x0000000000000003                __subsystem__ = 0x3
                0x0000000000200000                __size_of_stack_reserve__ = 0x200000
                0x0000000000001000                __size_of_stack_commit__ = 0x1000
                0x0000000000100000                __size_of_heap_reserve__ = 0x100000
                0x0000000000001000                __size_of_heap_commit__ = 0x1000
                0x0000000000000000                __loader_flags__ = 0x0
                0x0000000000008000                __dll_characteristics__ = 0x8000
LOAD entry.o
LOAD ide.o
LOAD floppy.o
LOAD pci.o
LOAD vm86.o
LOAD kbd.o
LOAD timer.o
LOAD machdep.o
LOAD task.o
LOAD mktime.o
LOAD sem.o
LOAD page.o
LOAD startup.o
LOAD frame.o
LOAD kmalloc.o
LOAD dosfs.o
LOAD pe.o
LOAD elf.o
LOAD printk.o
LOAD bitmap.o
LOAD ../lib/softfloat.o
LOAD ../lib/string.o
LOAD ../lib/memcpy.o
LOAD ../lib/memset.o
LOAD ../lib/snprintf.o
LOAD ../lib/tlsf/tlsf.o
                0x00000000c0100000                . = 0xc0100000

.text           0x00000000c0100000     0x9400
 *(.text)
 .text          0x00000000c0100000      0x974 entry.o
                0x00000000c0100000                entry
                0x00000000c0100036                exception_divide_error
                0x00000000c010003c                exception_debug
                0x00000000c0100042                exception_nmi
                0x00000000c0100048                exception_breakpoint
                0x00000000c010004e                exception_overflow
                0x00000000c0100054                exception_bounds_check
                0x00000000c010005a                exception_inval_opcode
                0x00000000c0100060                exception_copr_not_avail
                0x00000000c0100066                exception_double_fault
                0x00000000c010006a                exception_copr_seg_overrun
                0x00000000c0100070                exception_inval_tss
                0x00000000c0100074                exception_segment_not_present
                0x00000000c0100078                exception_stack_fault
                0x00000000c010007c                exception_general_protection
                0x00000000c0100080                exception_page_fault
                0x00000000c0100084                exception_intel_reserved
                0x00000000c010008a                exception_copr_error
                0x00000000c0100090                exception_alignment_check
                0x00000000c0100094                exception_machine_check
                0x00000000c010009a                exception_simd_fp
                0x00000000c0100129                int0x82_syscall
                0x00000000c0100185                ret_from_syscall
                0x00000000c01001bf                hwint00
                0x00000000c0100234                hwint01
                0x00000000c01002a9                hwint02
                0x00000000c010031e                hwint03
                0x00000000c0100393                hwint04
                0x00000000c0100408                hwint05
                0x00000000c010047d                hwint06
                0x00000000c01004f2                hwint07
                0x00000000c0100567                hwint08
                0x00000000c01005de                hwint09
                0x00000000c0100655                hwint10
                0x00000000c01006cc                hwint11
                0x00000000c0100743                hwint12
                0x00000000c01007ba                hwint13
                0x00000000c0100831                hwint14
                0x00000000c01008a8                hwint15
                0x00000000c010091f                lgdt
                0x00000000c0100945                lidt
                0x00000000c010094d                sys_vm86
 *fill*         0x00000000c0100974        0xc 
 .text          0x00000000c0100980      0x210 ide.o
                0x00000000c0100980                ide_init
                0x00000000c01009f0                ide_read_sector
                0x00000000c0100ae0                ide_write_sector
 .text          0x00000000c0100b90        0x0 floppy.o
 .text          0x00000000c0100b90      0x2e0 pci.o
                0x00000000c0100b90                pci_get_bar_addr
                0x00000000c0100bf0                pci_get_bar_size
                0x00000000c0100c90                pci_get_intr_line
                0x00000000c0100cf0                pci_init
 .text          0x00000000c0100e70      0xb70 vm86.o
                0x00000000c0100e70                vm86_init
                0x00000000c0100f30                vm86_emulate
                0x00000000c01018b0                vm86_call
 .text          0x00000000c01019e0      0x2f0 kbd.o
                0x00000000c01019e0                isr_keyboard
                0x00000000c0101ca0                sys_getchar
 .text          0x00000000c0101cd0      0x360 timer.o
                0x00000000c0101d50                isr_timer
                0x00000000c0101e80                calibrate_delay
                0x00000000c0101fa0                sys_sleep
                0x00000000c0101fc0                sys_nanosleep
 .text          0x00000000c0102030     0x1610 machdep.o
                0x00000000c0102070                enable_irq
                0x00000000c01020b0                disable_irq
                0x00000000c01020f0                switch_to
                0x00000000c0102120                sys_putchar
                0x00000000c0102260                sys_beep
                0x00000000c0102280                syscall
                0x00000000c0102760                do_page_fault
                0x00000000c0102800                exception
                0x00000000c0102cf0                cstart
 .text          0x00000000c0103640      0x650 task.o
                0x00000000c0103640                schedule
                0x00000000c0103730                sleep_on
                0x00000000c0103790                wake_up
                0x00000000c01037c0                sys_task_create
                0x00000000c0103a20                sys_task_exit
                0x00000000c0103a70                sys_task_wait
                0x00000000c0103b40                sys_getpriority
                0x00000000c0103ba0                sys_setpriority
                0x00000000c0103c00                sys_task_getid
                0x00000000c0103c20                sys_task_yield
                0x00000000c0103c40                init_task
 .text          0x00000000c0103c90       0x70 mktime.o
                0x00000000c0103c90                mktime
 .text          0x00000000c0103d00       0x40 sem.o
                0x00000000c0103d00                sys_sem_create
                0x00000000c0103d10                sys_sem_destroy
                0x00000000c0103d20                sys_sem_wait
                0x00000000c0103d30                sys_sem_signal
 .text          0x00000000c0103d40      0x430 page.o
                0x00000000c0103d40                init_vmspace
                0x00000000c0103d90                page_alloc_in_addr
                0x00000000c0103eb0                page_alloc
                0x00000000c0104010                page_free
                0x00000000c01040a0                page_prot
                0x00000000c01040f0                page_map
                0x00000000c0104130                page_unmap
 .text          0x00000000c0104170      0x340 startup.o
                0x00000000c0104170                isr_default
                0x00000000c0104180                DFS_ReadSector
                0x00000000c01041e0                DFS_WriteSector
                0x00000000c0104240                start_user_task
                0x00000000c01043e0                mi_startup
 .text          0x00000000c01044b0      0x2e0 frame.o
                0x00000000c01044b0                init_frame
                0x00000000c01045c0                frame_alloc_in_addr
                0x00000000c0104670                frame_alloc
                0x00000000c0104710                frame_free
 .text          0x00000000c0104790       0xe0 kmalloc.o
                0x00000000c0104790                kmalloc
                0x00000000c01047c0                krealloc
                0x00000000c01047f0                kfree
                0x00000000c0104820                kmemalign
                0x00000000c0104850                init_kmalloc
 .text          0x00000000c0104870     0x1f90 dosfs.o
                0x00000000c0104870                ldiv
                0x00000000c0104890                div
                0x00000000c01048b0                DFS_GetPtnStart
                0x00000000c0104950                DFS_GetVolInfo
                0x00000000c0104ab0                DFS_GetFAT
                0x00000000c0104d00                DFS_SetFAT
                0x00000000c01050c0                DFS_CanonicalToDir
                0x00000000c0105150                DFS_GetFreeFAT
                0x00000000c01051c0                DFS_GetNext
                0x00000000c0105360                DFS_OpenDir
                0x00000000c0105610                DFS_GetFreeDirEnt
                0x00000000c01057b0                DFS_OpenFile
                0x00000000c0105cf0                DFS_ReadFile
                0x00000000c0105ff0                DFS_Seek
                0x00000000c0106180                DFS_UnlinkFile
                0x00000000c01062a0                DFS_WriteFile
                0x00000000c01067f0                DFS_Close
 .text          0x00000000c0106800      0x390 pe.o
                0x00000000c0106800                load_aout
 .text          0x00000000c0106b90        0x0 elf.o
 .text          0x00000000c0106b90       0x60 printk.o
                0x00000000c0106b90                printk
 .text          0x00000000c0106bf0      0x510 bitmap.o
                0x00000000c0106bf0                bitmap_buf_size
                0x00000000c0106c10                bitmap_size
                0x00000000c0106c20                bitmap_set
                0x00000000c0106c50                bitmap_create_in_buf
                0x00000000c0106ca0                bitmap_mark
                0x00000000c0106cc0                bitmap_reset
                0x00000000c0106ce0                bitmap_flip
                0x00000000c0106d00                bitmap_test
                0x00000000c0106d30                bitmap_set_all
                0x00000000c0106d70                bitmap_set_multiple
                0x00000000c0106db0                bitmap_count
                0x00000000c0106e10                bitmap_contains
                0x00000000c0106e80                bitmap_any
                0x00000000c0106ee0                bitmap_none
                0x00000000c0106f40                bitmap_all
                0x00000000c0106fa0                bitmap_scan
                0x00000000c0107080                bitmap_scan_and_flip
 .text          0x00000000c0107100      0x260 ../lib/softfloat.o
                0x00000000c01071c0                __udivmoddi4
                0x00000000c0107200                __divdi3
                0x00000000c0107270                __moddi3
                0x00000000c01072e0                __udivdi3
                0x00000000c0107320                __umoddi3
 .text          0x00000000c0107360      0x440 ../lib/string.o
                0x00000000c0107360                memcmp
                0x00000000c01073a0                memmove
                0x00000000c0107400                memchr
                0x00000000c0107430                strcat
                0x00000000c0107470                strcmp
                0x00000000c01074b0                strncmp
                0x00000000c0107510                strchr
                0x00000000c0107550                strrchr
                0x00000000c0107580                strstr
                0x00000000c0107620                strcpy
                0x00000000c0107650                strlen
                0x00000000c0107680                strncpy
                0x00000000c01076d0                strcasecmp
                0x00000000c0107710                strncasecmp
 .text          0x00000000c01077a0      0x600 ../lib/memcpy.o
                0x00000000c01077a0                memcpy
 .text          0x00000000c0107da0       0xa0 ../lib/memset.o
                0x00000000c0107da0                memset
 .text          0x00000000c0107e40      0x8f0 ../lib/snprintf.o
                0x00000000c01086c0                vsnprintf
                0x00000000c01086f0                snprintf
 .text          0x00000000c0108730      0xb30 ../lib/tlsf/tlsf.o
                0x00000000c0108b40                tlsf_check
                0x00000000c0108c90                tlsf_walk_pool
                0x00000000c0108d00                tlsf_block_size
                0x00000000c0108d20                tlsf_check_pool
                0x00000000c0108d60                tlsf_size
                0x00000000c0108d70                tlsf_align_size
                0x00000000c0108d80                tlsf_block_size_min
                0x00000000c0108d90                tlsf_block_size_max
                0x00000000c0108da0                tlsf_pool_overhead
                0x00000000c0108db0                tlsf_alloc_overhead
                0x00000000c0108dc0                tlsf_add_pool
                0x00000000c0108e20                tlsf_remove_pool
                0x00000000c0108e80                tlsf_create
                0x00000000c0108ed0                tlsf_create_with_pool
                0x00000000c0108f50                tlsf_destroy
                0x00000000c0108f60                tlsf_get_pool
                0x00000000c0108f70                tlsf_malloc
                0x00000000c0108fb0                tlsf_memalign
                0x00000000c01090e0                tlsf_free
                0x00000000c0109100                tlsf_realloc
                0x00000000c0109260                . = ALIGN (0x4)

.rodata
 *(.rodata)

.rdata          0x00000000c0109260     0x1400
 *(.rdata)
 .rdata         0x00000000c0109260       0x3c ide.o
 .rdata         0x00000000c010929c      0x26c vm86.o
 *fill*         0x00000000c0109508       0x18 
 .rdata         0x00000000c0109520      0x5a0 kbd.o
 .rdata         0x00000000c0109ac0       0x44 timer.o
 .rdata         0x00000000c0109b04      0x390 machdep.o
 .rdata         0x00000000c0109e94       0x30 task.o
 *fill*         0x00000000c0109ec4       0x1c 
 .rdata         0x00000000c0109ee0       0x40 mktime.o
 .rdata         0x00000000c0109f20      0x144 startup.o
 .rdata         0x00000000c010a064       0x24 frame.o
 .rdata         0x00000000c010a088       0x8c pe.o
 *fill*         0x00000000c010a114        0xc 
 .rdata         0x00000000c010a120      0x100 ../lib/string.o
 .rdata         0x00000000c010a220       0x20 ../lib/memcpy.o
 .rdata         0x00000000c010a240      0x1dc ../lib/snprintf.o
 .rdata$zzz     0x00000000c010a41c       0x14 ide.o
 .rdata$zzz     0x00000000c010a430       0x14 floppy.o
 .rdata$zzz     0x00000000c010a444       0x14 pci.o
 .rdata$zzz     0x00000000c010a458       0x14 vm86.o
 .rdata$zzz     0x00000000c010a46c       0x14 kbd.o
 .rdata$zzz     0x00000000c010a480       0x14 timer.o
 .rdata$zzz     0x00000000c010a494       0x14 machdep.o
 .rdata$zzz     0x00000000c010a4a8       0x14 task.o
 .rdata$zzz     0x00000000c010a4bc       0x14 mktime.o
 .rdata$zzz     0x00000000c010a4d0       0x14 sem.o
 .rdata$zzz     0x00000000c010a4e4       0x14 page.o
 .rdata$zzz     0x00000000c010a4f8       0x14 startup.o
 .rdata$zzz     0x00000000c010a50c       0x14 frame.o
 .rdata$zzz     0x00000000c010a520       0x14 kmalloc.o
 .rdata$zzz     0x00000000c010a534       0x14 dosfs.o
 .rdata$zzz     0x00000000c010a548       0x14 pe.o
 .rdata$zzz     0x00000000c010a55c       0x14 elf.o
 .rdata$zzz     0x00000000c010a570       0x14 printk.o
 .rdata$zzz     0x00000000c010a584       0x14 bitmap.o
 .rdata$zzz     0x00000000c010a598       0x14 ../lib/softfloat.o
 .rdata$zzz     0x00000000c010a5ac       0x14 ../lib/string.o
 .rdata$zzz     0x00000000c010a5c0       0x14 ../lib/memcpy.o
 .rdata$zzz     0x00000000c010a5d4       0x14 ../lib/memset.o
 .rdata$zzz     0x00000000c010a5e8       0x14 ../lib/snprintf.o
 .rdata$zzz     0x00000000c010a5fc       0x14 ../lib/tlsf/tlsf.o

.buildid        0x00000000c010b000      0x200
 .buildid       0x00000000c010b000       0x35 entry.o

.data           0x00000000c010b040     0x2200
 *(.data)
 .data          0x00000000c010b040     0x2000 entry.o
                0x00000000c010d040                tmp_stack
 .data          0x00000000c010d040        0x0 ide.o
 .data          0x00000000c010d040        0x0 floppy.o
 .data          0x00000000c010d040        0x0 pci.o
 .data          0x00000000c010d040        0x0 vm86.o
 .data          0x00000000c010d040        0x0 kbd.o
 .data          0x00000000c010d040        0x0 timer.o
 .data          0x00000000c010d040       0x40 machdep.o
 .data          0x00000000c010d080        0x0 task.o
 .data          0x00000000c010d080        0x0 mktime.o
 .data          0x00000000c010d080        0x0 sem.o
 .data          0x00000000c010d080        0x0 page.o
 .data          0x00000000c010d080        0x8 startup.o
                0x00000000c010d080                PTD
                0x00000000c010d084                PT
 .data          0x00000000c010d088        0x0 frame.o
 .data          0x00000000c010d088        0x0 kmalloc.o
 .data          0x00000000c010d088        0x0 dosfs.o
 .data          0x00000000c010d088        0x0 pe.o
 .data          0x00000000c010d088        0x0 elf.o
 .data          0x00000000c010d088        0x0 printk.o
 .data          0x00000000c010d088        0x0 bitmap.o
 .data          0x00000000c010d088        0x0 ../lib/softfloat.o
 .data          0x00000000c010d088        0x0 ../lib/string.o
 .data          0x00000000c010d088        0x0 ../lib/memcpy.o
 .data          0x00000000c010d088        0x0 ../lib/memset.o
 .data          0x00000000c010d088        0x0 ../lib/snprintf.o
 .data          0x00000000c010d088        0x0 ../lib/tlsf/tlsf.o

.drectve        0x00000000c010e000      0x200
 .drectve       0x00000000c010e000       0x20 machdep.o
 .drectve       0x00000000c010e020       0x8c task.o
 .drectve       0x00000000c010e0ac       0x54 startup.o
                0x00000000c010e100                . = ALIGN (0x4)
                0x00000000c010e100                _edata = .

.bss            0x00000000c010e100     0x16b4
 *(.bss)
 .bss           0x00000000c010e100        0x0 entry.o
 .bss           0x00000000c010e100        0x0 ide.o
 .bss           0x00000000c010e100        0x0 floppy.o
 .bss           0x00000000c010e100     0x1060 pci.o
 .bss           0x00000000c010f160        0x0 vm86.o
 .bss           0x00000000c010f160       0x40 kbd.o
 .bss           0x00000000c010f1a0        0x8 timer.o
                0x00000000c010f1a0                g_timer_ticks
 *fill*         0x00000000c010f1a8       0x18 
 .bss           0x00000000c010f1c0      0x4a0 machdep.o
 .bss           0x00000000c010f660        0x8 task.o
                0x00000000c010f660                g_load_avg
 .bss           0x00000000c010f668        0x0 mktime.o
 .bss           0x00000000c010f668        0x0 sem.o
 .bss           0x00000000c010f668       0x18 page.o
 .bss           0x00000000c010f680        0x0 startup.o
 .bss           0x00000000c010f680       0x60 frame.o
 .bss           0x00000000c010f6e0        0x4 kmalloc.o
 .bss           0x00000000c010f6e4        0x0 dosfs.o
 .bss           0x00000000c010f6e4        0x0 pe.o
 .bss           0x00000000c010f6e4        0x0 elf.o
 .bss           0x00000000c010f6e4        0x0 printk.o
 .bss           0x00000000c010f6e4        0x0 bitmap.o
 .bss           0x00000000c010f6e4        0x0 ../lib/softfloat.o
 .bss           0x00000000c010f6e4        0x0 ../lib/string.o
 .bss           0x00000000c010f6e4        0x0 ../lib/memcpy.o
 .bss           0x00000000c010f6e4        0x0 ../lib/memset.o
 .bss           0x00000000c010f6e4        0x0 ../lib/snprintf.o
 .bss           0x00000000c010f6e4        0x0 ../lib/tlsf/tlsf.o
 *(COMMON)
 COMMON         0x00000000c010f6e4        0x4 machdep.o
                0x00000000c010f6e4                g_startup_time
 COMMON         0x00000000c010f6e8       0x14 task.o
                0x00000000c010f6e8                g_task_own_fpu
                0x00000000c010f6ec                task0
                0x00000000c010f6f0                g_task_running
                0x00000000c010f6f4                g_resched
                0x00000000c010f6f8                g_task_head
 *fill*         0x00000000c010f6fc        0x4 
 COMMON         0x00000000c010f700       0xb4 startup.o
                0x00000000c010f700                g_intr_vector
                0x00000000c010f740                g_ram_zone
                0x00000000c010f780                g_volinfo
                0x00000000c010f7b4                . = ALIGN (0x4)
                0x00000000c010f7b4                _end = .
OUTPUT(eposkrnl.out pei-i386)

.debug_info     0x0000000000000000    0x14e08
 .debug_info    0x0000000000000000     0x16f2 ide.o
 .debug_info    0x00000000000016f2      0xae3 pci.o
 .debug_info    0x00000000000021d5      0xfcc vm86.o
 .debug_info    0x00000000000031a1      0x862 kbd.o
 .debug_info    0x0000000000003a03      0xafe timer.o
 .debug_info    0x0000000000004501     0x35bc machdep.o
 .debug_info    0x0000000000007abd      0xc47 task.o
 .debug_info    0x0000000000008704      0x248 mktime.o
 .debug_info    0x000000000000894c      0x62c sem.o
 .debug_info    0x0000000000008f78      0x972 page.o
 .debug_info    0x00000000000098ea      0xd10 startup.o
 .debug_info    0x000000000000a5fa      0x936 frame.o
 .debug_info    0x000000000000af30      0x3ce kmalloc.o
 .debug_info    0x000000000000b2fe     0x257e dosfs.o
 .debug_info    0x000000000000d87c     0x140b pe.o
 .debug_info    0x000000000000ec87      0x670 printk.o
 .debug_info    0x000000000000f2f7      0xefa bitmap.o
 .debug_info    0x00000000000101f1      0x4de ../lib/softfloat.o
 .debug_info    0x00000000000106cf      0x74b ../lib/string.o
 .debug_info    0x0000000000010e1a      0x36a ../lib/memcpy.o
 .debug_info    0x0000000000011184      0x227 ../lib/memset.o
 .debug_info    0x00000000000113ab      0xa04 ../lib/snprintf.o
 .debug_info    0x0000000000011daf     0x2eb0 ../lib/tlsf/tlsf.o

.debug_abbrev   0x0000000000000000     0x2e00
 .debug_abbrev  0x0000000000000000      0x1c6 ide.o
 .debug_abbrev  0x00000000000001c6      0x1b3 pci.o
 .debug_abbrev  0x0000000000000379      0x26f vm86.o
 .debug_abbrev  0x00000000000005e8      0x1c9 kbd.o
 .debug_abbrev  0x00000000000007b1      0x248 timer.o
 .debug_abbrev  0x00000000000009f9      0x468 machdep.o
 .debug_abbrev  0x0000000000000e61      0x36f task.o
 .debug_abbrev  0x00000000000011d0       0xae mktime.o
 .debug_abbrev  0x000000000000127e       0xe7 sem.o
 .debug_abbrev  0x0000000000001365      0x1e6 page.o
 .debug_abbrev  0x000000000000154b      0x1e5 startup.o
 .debug_abbrev  0x0000000000001730      0x179 frame.o
 .debug_abbrev  0x00000000000018a9       0xcd kmalloc.o
 .debug_abbrev  0x0000000000001976      0x30a dosfs.o
 .debug_abbrev  0x0000000000001c80      0x1b9 pe.o
 .debug_abbrev  0x0000000000001e39      0x12e printk.o
 .debug_abbrev  0x0000000000001f67      0x2cd bitmap.o
 .debug_abbrev  0x0000000000002234      0x15c ../lib/softfloat.o
 .debug_abbrev  0x0000000000002390      0x170 ../lib/string.o
 .debug_abbrev  0x0000000000002500       0x9a ../lib/memcpy.o
 .debug_abbrev  0x000000000000259a       0x76 ../lib/memset.o
 .debug_abbrev  0x0000000000002610      0x286 ../lib/snprintf.o
 .debug_abbrev  0x0000000000002896      0x483 ../lib/tlsf/tlsf.o

.debug_loc      0x0000000000000000     0xbe00
 .debug_loc     0x0000000000000000      0x954 ide.o
 .debug_loc     0x0000000000000954      0x65b pci.o
 .debug_loc     0x0000000000000faf      0xf33 vm86.o
 .debug_loc     0x0000000000001ee2      0x1e1 kbd.o
 .debug_loc     0x00000000000020c3      0x3c4 timer.o
 .debug_loc     0x0000000000002487     0x1c06 machdep.o
 .debug_loc     0x000000000000408d      0x4e1 task.o
 .debug_loc     0x000000000000456e       0x7e mktime.o
 .debug_loc     0x00000000000045ec      0x606 page.o
 .debug_loc     0x0000000000004bf2      0x1a4 startup.o
 .debug_loc     0x0000000000004d96      0x1be frame.o
 .debug_loc     0x0000000000004f54       0x4c kmalloc.o
 .debug_loc     0x0000000000004fa0     0x10f0 dosfs.o
 .debug_loc     0x0000000000006090      0x28f pe.o
 .debug_loc     0x000000000000631f       0x90 printk.o
 .debug_loc     0x00000000000063af      0x645 bitmap.o
 .debug_loc     0x00000000000069f4      0x463 ../lib/softfloat.o
 .debug_loc     0x0000000000006e57      0x91a ../lib/string.o
 .debug_loc     0x0000000000007771     0x1238 ../lib/memcpy.o
 .debug_loc     0x00000000000089a9      0x1eb ../lib/memset.o
 .debug_loc     0x0000000000008b94     0x127e ../lib/snprintf.o
 .debug_loc     0x0000000000009e12     0x1e4e ../lib/tlsf/tlsf.o

.debug_aranges  0x0000000000000000      0x400
 .debug_aranges
                0x0000000000000000       0x20 ide.o
 .debug_aranges
                0x0000000000000020       0x20 pci.o
 .debug_aranges
                0x0000000000000040       0x20 vm86.o
 .debug_aranges
                0x0000000000000060       0x20 kbd.o
 .debug_aranges
                0x0000000000000080       0x20 timer.o
 .debug_aranges
                0x00000000000000a0       0x20 machdep.o
 .debug_aranges
                0x00000000000000c0       0x20 task.o
 .debug_aranges
                0x00000000000000e0       0x20 mktime.o
 .debug_aranges
                0x0000000000000100       0x20 sem.o
 .debug_aranges
                0x0000000000000120       0x20 page.o
 .debug_aranges
                0x0000000000000140       0x20 startup.o
 .debug_aranges
                0x0000000000000160       0x20 frame.o
 .debug_aranges
                0x0000000000000180       0x20 kmalloc.o
 .debug_aranges
                0x00000000000001a0       0x20 dosfs.o
 .debug_aranges
                0x00000000000001c0       0x20 pe.o
 .debug_aranges
                0x00000000000001e0       0x20 printk.o
 .debug_aranges
                0x0000000000000200       0x20 bitmap.o
 .debug_aranges
                0x0000000000000220       0x20 ../lib/softfloat.o
 .debug_aranges
                0x0000000000000240       0x20 ../lib/string.o
 .debug_aranges
                0x0000000000000260       0x20 ../lib/memcpy.o
 .debug_aranges
                0x0000000000000280       0x20 ../lib/memset.o
 .debug_aranges
                0x00000000000002a0       0x20 ../lib/snprintf.o
 .debug_aranges
                0x00000000000002c0       0x20 ../lib/tlsf/tlsf.o

.debug_ranges   0x0000000000000000     0x1800
 .debug_ranges  0x0000000000000000       0xd8 ide.o
 .debug_ranges  0x00000000000000d8      0x160 pci.o
 .debug_ranges  0x0000000000000238      0x1a0 vm86.o
 .debug_ranges  0x00000000000003d8       0xa0 kbd.o
 .debug_ranges  0x0000000000000478       0x38 timer.o
 .debug_ranges  0x00000000000004b0      0x5e0 machdep.o
 .debug_ranges  0x0000000000000a90       0xb8 task.o
 .debug_ranges  0x0000000000000b48       0x20 startup.o
 .debug_ranges  0x0000000000000b68       0x18 frame.o
 .debug_ranges  0x0000000000000b80      0x1c8 dosfs.o
 .debug_ranges  0x0000000000000d48       0x18 pe.o
 .debug_ranges  0x0000000000000d60      0x3f0 bitmap.o
 .debug_ranges  0x0000000000001150       0x48 ../lib/softfloat.o
 .debug_ranges  0x0000000000001198       0x48 ../lib/string.o
 .debug_ranges  0x00000000000011e0       0x90 ../lib/memcpy.o
 .debug_ranges  0x0000000000001270       0xc0 ../lib/snprintf.o
 .debug_ranges  0x0000000000001330      0x4a0 ../lib/tlsf/tlsf.o

.debug_line     0x0000000000000000     0x3200
 .debug_line    0x0000000000000000      0x233 ide.o
 .debug_line    0x0000000000000233        0x0 floppy.o
 .debug_line    0x0000000000000233      0x15b pci.o
 .debug_line    0x000000000000038e      0x3fd vm86.o
 .debug_line    0x000000000000078b      0x12e kbd.o
 .debug_line    0x00000000000008b9      0x175 timer.o
 .debug_line    0x0000000000000a2e      0x6f0 machdep.o
 .debug_line    0x000000000000111e      0x242 task.o
 .debug_line    0x0000000000001360       0x7b mktime.o
 .debug_line    0x00000000000013db       0x8c sem.o
 .debug_line    0x0000000000001467      0x1cc page.o
 .debug_line    0x0000000000001633      0x152 startup.o
 .debug_line    0x0000000000001785      0x121 frame.o
 .debug_line    0x00000000000018a6       0x9d kmalloc.o
 .debug_line    0x0000000000001943      0x6be dosfs.o
 .debug_line    0x0000000000002001      0x132 pe.o
 .debug_line    0x0000000000002133        0x0 elf.o
 .debug_line    0x0000000000002133       0xac printk.o
 .debug_line    0x00000000000021df      0x285 bitmap.o
 .debug_line    0x0000000000002464       0xcb ../lib/softfloat.o
 .debug_line    0x000000000000252f      0x146 ../lib/string.o
 .debug_line    0x0000000000002675      0x17c ../lib/memcpy.o
 .debug_line    0x00000000000027f1       0xcc ../lib/memset.o
 .debug_line    0x00000000000028bd      0x2b8 ../lib/snprintf.o
 .debug_line    0x0000000000002b75      0x565 ../lib/tlsf/tlsf.o

.debug_str      0x0000000000000000      0x600
 .debug_str     0x0000000000000000        0x0 ide.o
 .debug_str     0x0000000000000000        0x0 floppy.o
 .debug_str     0x0000000000000000        0xf pci.o
 .debug_str     0x000000000000000f       0x1e vm86.o
 .debug_str     0x000000000000002d        0x9 kbd.o
 .debug_str     0x0000000000000036        0xf timer.o
 .debug_str     0x0000000000000045      0x130 machdep.o
 .debug_str     0x0000000000000175       0x24 task.o
 .debug_str     0x0000000000000199        0x0 mktime.o
 .debug_str     0x0000000000000199        0x0 sem.o
 .debug_str     0x0000000000000199        0xd page.o
 .debug_str     0x00000000000001a6       0xe2 startup.o
 .debug_str     0x0000000000000288       0x62 frame.o
 .debug_str     0x00000000000002ea       0x53 kmalloc.o
 .debug_str     0x000000000000033d       0xd4 dosfs.o
 .debug_str     0x0000000000000411       0x76 pe.o
 .debug_str     0x0000000000000487        0x0 elf.o
 .debug_str     0x0000000000000487       0x16 printk.o
 .debug_str     0x000000000000049d       0x1c bitmap.o
 .debug_str     0x00000000000004b9        0x0 ../lib/softfloat.o
 .debug_str     0x00000000000004b9        0x0 ../lib/string.o
 .debug_str     0x00000000000004b9       0x17 ../lib/memcpy.o
 .debug_str     0x00000000000004d0        0x0 ../lib/memset.o
 .debug_str     0x00000000000004d0       0x16 ../lib/snprintf.o
 .debug_str     0x00000000000004e6       0x6e ../lib/tlsf/tlsf.o

.debug_frame    0x0000000000000000     0x2000
 .debug_frame   0x0000000000000000       0xb0 ide.o
 .debug_frame   0x00000000000000b0       0xfc pci.o
 .debug_frame   0x00000000000001ac       0xac vm86.o
 .debug_frame   0x0000000000000258       0x70 kbd.o
 .debug_frame   0x00000000000002c8      0x128 timer.o
 .debug_frame   0x00000000000003f0      0x208 machdep.o
 .debug_frame   0x00000000000005f8      0x1b4 task.o
 .debug_frame   0x00000000000007ac       0x30 mktime.o
 .debug_frame   0x00000000000007dc       0x54 sem.o
 .debug_frame   0x0000000000000830      0x188 page.o
 .debug_frame   0x00000000000009b8       0xd0 startup.o
 .debug_frame   0x0000000000000a88      0x124 frame.o
 .debug_frame   0x0000000000000bac       0xac kmalloc.o
 .debug_frame   0x0000000000000c58      0x520 dosfs.o
 .debug_frame   0x0000000000001178       0x6c pe.o
 .debug_frame   0x00000000000011e4       0x48 printk.o
 .debug_frame   0x000000000000122c      0x334 bitmap.o
 .debug_frame   0x0000000000001560      0x13c ../lib/softfloat.o
 .debug_frame   0x000000000000169c      0x238 ../lib/string.o
 .debug_frame   0x00000000000018d4       0x80 ../lib/memcpy.o
 .debug_frame   0x0000000000001954       0x5c ../lib/memset.o
 .debug_frame   0x00000000000019b0       0xe8 ../lib/snprintf.o
 .debug_frame   0x0000000000001a98      0x4c4 ../lib/tlsf/tlsf.o
