
Allocating common symbols
Common symbol       size              file

g_heap              0x4               lib/malloc.o

Discarded input sections

 .drectve       0x0000000000000000       0x18 lib/malloc.o

Memory Configuration

Name             Origin             Length             Attributes
*default*        0x0000000000000000 0xffffffffffffffff

Linker script and memory map

                0x0000000000400000                __image_base__ = 0x400000
                0x0000000000000000                __dll__ = 0x0
                0x0000000000400000                ___ImageBase = 0x400000
                0x0000000000001000                __section_alignment__ = 0x1000
                0x0000000000000200                __file_alignment__ = 0x200
                0x0000000000000004                __major_os_version__ = 0x4
                0x0000000000000000                __minor_os_version__ = 0x0
                0x0000000000000001                __major_image_version__ = 0x1
                0x0000000000000000                __minor_image_version__ = 0x0
                0x0000000000000004                __major_subsystem_version__ = 0x4
                0x0000000000000000                __minor_subsystem_version__ = 0x0
                0x0000000000000003                __subsystem__ = 0x3
                0x0000000000200000                __size_of_stack_reserve__ = 0x200000
                0x0000000000001000                __size_of_stack_commit__ = 0x1000
                0x0000000000100000                __size_of_heap_reserve__ = 0x100000
                0x0000000000001000                __size_of_heap_commit__ = 0x1000
                0x0000000000000000                __loader_flags__ = 0x0
                0x0000000000008000                __dll_characteristics__ = 0x8000
LOAD lib/crt0.o
LOAD lib/setjmp.o
LOAD lib/syscall-wrapper.o
LOAD vm86call.o
LOAD graphics.o
LOAD main.o
LOAD lib/sysconf.o
LOAD lib/math.o
LOAD lib/stdio.o
LOAD lib/stdlib.o
LOAD lib/qsort.o
LOAD ../lib/softfloat.o
LOAD ../lib/string.o
LOAD ../lib/memcpy.o
LOAD ../lib/memset.o
LOAD ../lib/snprintf.o
LOAD lib/malloc.o
LOAD ../lib/tlsf/tlsf.o
                0x00000000000003a8                . = SIZEOF_HEADERS
                0x0000000000001000                . = ALIGN (__section_alignment__)

.text           0x0000000000401000     0x5200
 *(.init)
 *(.text)
 .text          0x0000000000401000        0x8 lib/crt0.o
                0x0000000000401000                start
 .text          0x0000000000401008       0x38 lib/setjmp.o
                0x0000000000401008                setjmp
                0x0000000000401022                longjmp
 .text          0x0000000000401040       0x98 lib/syscall-wrapper.o
                0x0000000000401040                task_exit
                0x0000000000401048                task_create
                0x0000000000401050                task_getid
                0x0000000000401058                task_yield
                0x0000000000401060                task_wait
                0x0000000000401068                reboot
                0x0000000000401070                mmap
                0x0000000000401078                munmap
                0x0000000000401080                sleep
                0x0000000000401088                nanosleep
                0x0000000000401090                beep
                0x0000000000401098                vm86
                0x00000000004010a0                putchar
                0x00000000004010a8                getchar
                0x00000000004010b0                recv
                0x00000000004010b8                send
                0x00000000004010c0                ioctl
                0x00000000004010c8                getpriority
                0x00000000004010d0                setpriority
 *fill*         0x00000000004010d8        0x8 
 .text          0x00000000004010e0      0x120 vm86call.o
                0x00000000004010e0                vm86call
 .text          0x0000000000401200      0xbb0 graphics.o
                0x00000000004013e0                list_graphic_modes
                0x0000000000401600                init_graphic
                0x0000000000401930                exit_graphic
                0x0000000000401980                setPixel
                0x0000000000401c50                line
 .text          0x0000000000401db0      0x5d0 main.o
                0x0000000000401db0                task_bubulle1Sort
                0x0000000000401f30                task_bubulle2Sort
                0x00000000004020c0                task_control
                0x0000000000402330                __main
 .text          0x0000000000402380       0x20 lib/sysconf.o
                0x0000000000402380                sysconf
 .text          0x00000000004023a0      0x3f0 lib/math.o
                0x00000000004023a0                fabs
                0x00000000004023c0                floor
                0x0000000000402400                ceil
                0x0000000000402440                sin
                0x0000000000402450                cos
                0x0000000000402460                sqrt
                0x0000000000402470                log2
                0x0000000000402480                atan2
                0x0000000000402490                tan
                0x00000000004024a0                cot
                0x00000000004024b0                pow
                0x0000000000402520                exp
                0x0000000000402570                log
                0x0000000000402580                atan
 .text          0x0000000000402790      0x1c0 lib/stdio.o
                0x0000000000402790                printf
                0x00000000004027f0                fprintf
                0x0000000000402850                vprintf
                0x00000000004028b0                vfprintf
                0x00000000004028d0                vsprintf
                0x0000000000402900                sprintf
                0x0000000000402930                fputc
 .text          0x0000000000402950      0x6d0 lib/stdlib.o
                0x0000000000402950                exit
                0x0000000000402960                ldiv
                0x0000000000402980                div
                0x00000000004029a0                rand_r
                0x0000000000402a10                rand
                0x0000000000402a90                srand
                0x0000000000402aa0                strtol
                0x0000000000402d10                strtoul
                0x0000000000402fa0                atol
                0x0000000000402fd0                strdup
 .text          0x0000000000403020      0x870 lib/qsort.o
                0x0000000000403020                qsort
 .text          0x0000000000403890      0x260 ../lib/softfloat.o
                0x0000000000403950                __udivmoddi4
                0x0000000000403990                __divdi3
                0x0000000000403a00                __moddi3
                0x0000000000403a70                __udivdi3
                0x0000000000403ab0                __umoddi3
 .text          0x0000000000403af0      0x440 ../lib/string.o
                0x0000000000403af0                memcmp
                0x0000000000403b30                memmove
                0x0000000000403b90                memchr
                0x0000000000403bc0                strcat
                0x0000000000403c00                strcmp
                0x0000000000403c40                strncmp
                0x0000000000403ca0                strchr
                0x0000000000403ce0                strrchr
                0x0000000000403d10                strstr
                0x0000000000403db0                strcpy
                0x0000000000403de0                strlen
                0x0000000000403e10                strncpy
                0x0000000000403e60                strcasecmp
                0x0000000000403ea0                strncasecmp
 .text          0x0000000000403f30      0x600 ../lib/memcpy.o
                0x0000000000403f30                memcpy
 .text          0x0000000000404530       0xa0 ../lib/memset.o
                0x0000000000404530                memset
 .text          0x00000000004045d0      0xdf0 ../lib/snprintf.o
                0x0000000000405350                vsnprintf
                0x0000000000405380                snprintf
 .text          0x00000000004053c0       0xf0 lib/malloc.o
                0x00000000004053c0                malloc
                0x00000000004053e0                calloc
                0x0000000000405430                memalign
                0x0000000000405460                realloc
                0x0000000000405490                free
 .text          0x00000000004054b0      0xb30 ../lib/tlsf/tlsf.o
                0x00000000004058c0                tlsf_check
                0x0000000000405a10                tlsf_walk_pool
                0x0000000000405a80                tlsf_block_size
                0x0000000000405aa0                tlsf_check_pool
                0x0000000000405ae0                tlsf_size
                0x0000000000405af0                tlsf_align_size
                0x0000000000405b00                tlsf_block_size_min
                0x0000000000405b10                tlsf_block_size_max
                0x0000000000405b20                tlsf_pool_overhead
                0x0000000000405b30                tlsf_alloc_overhead
                0x0000000000405b40                tlsf_add_pool
                0x0000000000405ba0                tlsf_remove_pool
                0x0000000000405c00                tlsf_create
                0x0000000000405c50                tlsf_create_with_pool
                0x0000000000405cd0                tlsf_destroy
                0x0000000000405ce0                tlsf_get_pool
                0x0000000000405cf0                tlsf_malloc
                0x0000000000405d30                tlsf_memalign
                0x0000000000405e60                tlsf_free
                0x0000000000405e80                tlsf_realloc
 *(SORT(.text$*))
 *(.text.*)
 .text.startup  0x0000000000405fe0      0x180 main.o
                0x0000000000405fe0                main
 *(.gnu.linkonce.t.*)
 *(.glue_7t)
 *(.glue_7)
                0x0000000000406160                ___CTOR_LIST__ = .
                0x0000000000406160                __CTOR_LIST__ = .
                0x0000000000406160        0x4 LONG 0xffffffffffffffff
 *(.ctors)
 *(.ctor)
 *(SORT(.ctors.*))
                0x0000000000406164        0x4 LONG 0x0
                0x0000000000406168                ___DTOR_LIST__ = .
                0x0000000000406168                __DTOR_LIST__ = .
                0x0000000000406168        0x4 LONG 0xffffffffffffffff
 *(.dtors)
 *(.dtor)
 *(SORT(.dtors.*))
                0x000000000040616c        0x4 LONG 0x0
 *(.fini)
 *(.gcc_exc)
                [!provide]                        PROVIDE (etext, .)
                [!provide]                        PROVIDE (_etext, .)
 *(.gcc_except_table)

.data           0x0000000000407000      0x200
                0x0000000000407000                __data_start__ = .
 *(.data)
 .data          0x0000000000407000        0x0 lib/crt0.o
 .data          0x0000000000407000        0x0 lib/setjmp.o
 .data          0x0000000000407000        0x0 lib/syscall-wrapper.o
 .data          0x0000000000407000        0x0 vm86call.o
 .data          0x0000000000407000        0x4 graphics.o
 .data          0x0000000000407004        0x0 main.o
 .data          0x0000000000407004        0x0 lib/sysconf.o
 .data          0x0000000000407004        0x0 lib/math.o
 .data          0x0000000000407004        0x0 lib/stdio.o
 .data          0x0000000000407004        0x4 lib/stdlib.o
 .data          0x0000000000407008        0x0 lib/qsort.o
 .data          0x0000000000407008        0x0 ../lib/softfloat.o
 .data          0x0000000000407008        0x0 ../lib/string.o
 .data          0x0000000000407008        0x0 ../lib/memcpy.o
 .data          0x0000000000407008        0x0 ../lib/memset.o
 .data          0x0000000000407008        0x0 ../lib/snprintf.o
 .data          0x0000000000407008        0x0 lib/malloc.o
 .data          0x0000000000407008        0x0 ../lib/tlsf/tlsf.o
 *(.data2)
 *(SORT(.data$*))
 *(.jcr)
                0x0000000000407008                __data_end__ = .
 *(.data_cygwin_nocopy)

.rdata          0x0000000000408000      0x800
 *(.rdata)
 .rdata         0x0000000000408000       0x2c vm86call.o
 .rdata         0x000000000040802c      0x260 graphics.o
 *fill*         0x000000000040828c       0x14 
 .rdata         0x00000000004082a0       0xe0 lib/math.o
 .rdata         0x0000000000408380      0x100 ../lib/string.o
 .rdata         0x0000000000408480       0x20 ../lib/memcpy.o
 .rdata         0x00000000004084a0      0x1e4 ../lib/snprintf.o
 *(SORT(.rdata$*))
 .rdata$zzz     0x0000000000408684       0x14 vm86call.o
 .rdata$zzz     0x0000000000408698       0x14 graphics.o
 .rdata$zzz     0x00000000004086ac       0x14 main.o
 .rdata$zzz     0x00000000004086c0       0x14 lib/sysconf.o
 .rdata$zzz     0x00000000004086d4       0x14 lib/math.o
 .rdata$zzz     0x00000000004086e8       0x14 lib/stdio.o
 .rdata$zzz     0x00000000004086fc       0x14 lib/stdlib.o
 .rdata$zzz     0x0000000000408710       0x14 lib/qsort.o
 .rdata$zzz     0x0000000000408724       0x14 ../lib/softfloat.o
 .rdata$zzz     0x0000000000408738       0x14 ../lib/string.o
 .rdata$zzz     0x000000000040874c       0x14 ../lib/memcpy.o
 .rdata$zzz     0x0000000000408760       0x14 ../lib/memset.o
 .rdata$zzz     0x0000000000408774       0x14 ../lib/snprintf.o
 .rdata$zzz     0x0000000000408788       0x14 lib/malloc.o
 .rdata$zzz     0x000000000040879c       0x14 ../lib/tlsf/tlsf.o
                0x00000000004087b0                __rt_psrelocs_start = .
 *(.rdata_runtime_pseudo_reloc)
                0x00000000004087b0                __rt_psrelocs_end = .
                0x0000000000000000                __rt_psrelocs_size = (__rt_psrelocs_end - __rt_psrelocs_start)
                0x00000000004087b0                ___RUNTIME_PSEUDO_RELOC_LIST_END__ = .
                0x00000000004087b0                __RUNTIME_PSEUDO_RELOC_LIST_END__ = .
                0x00000000004087b0                ___RUNTIME_PSEUDO_RELOC_LIST__ = (. - __rt_psrelocs_size)
                0x00000000004087b0                __RUNTIME_PSEUDO_RELOC_LIST__ = (. - __rt_psrelocs_size)

.buildid        0x0000000000409000      0x200
 .buildid       0x0000000000409000       0x35 lib/crt0.o

.eh_frame
 *(.eh_frame*)

.pdata
 *(.pdata*)

.bss            0x000000000040a000      0x324
                0x000000000040a000                __bss_start__ = .
 *(.bss)
 .bss           0x000000000040a000        0x0 lib/crt0.o
 .bss           0x000000000040a000        0x0 lib/setjmp.o
 .bss           0x000000000040a000        0x0 lib/syscall-wrapper.o
 .bss           0x000000000040a000        0x0 vm86call.o
 .bss           0x000000000040a000      0x320 graphics.o
                0x000000000040a000                g_graphic_dev
 .bss           0x000000000040a320        0x0 main.o
 .bss           0x000000000040a320        0x0 lib/sysconf.o
 .bss           0x000000000040a320        0x0 lib/math.o
 .bss           0x000000000040a320        0x0 lib/stdio.o
 .bss           0x000000000040a320        0x0 lib/stdlib.o
 .bss           0x000000000040a320        0x0 lib/qsort.o
 .bss           0x000000000040a320        0x0 ../lib/softfloat.o
 .bss           0x000000000040a320        0x0 ../lib/string.o
 .bss           0x000000000040a320        0x0 ../lib/memcpy.o
 .bss           0x000000000040a320        0x0 ../lib/memset.o
 .bss           0x000000000040a320        0x0 ../lib/snprintf.o
 .bss           0x000000000040a320        0x0 lib/malloc.o
 .bss           0x000000000040a320        0x0 ../lib/tlsf/tlsf.o
 *(COMMON)
 COMMON         0x000000000040a320        0x4 lib/malloc.o
                0x000000000040a320                g_heap
                0x000000000040a324                __bss_end__ = .

.edata
 *(.edata)

/DISCARD/
 *(.debug$S)
 *(.debug$T)
 *(.debug$F)
 *(.drectve)
 *(.note.GNU-stack)
 *(.gnu.lto_*)

.idata          0x000000000040b000      0x200
 SORT(*)(.idata$2)
 SORT(*)(.idata$3)
                0x000000000040b000        0x4 LONG 0x0
                0x000000000040b004        0x4 LONG 0x0
                0x000000000040b008        0x4 LONG 0x0
                0x000000000040b00c        0x4 LONG 0x0
                0x000000000040b010        0x4 LONG 0x0
 SORT(*)(.idata$4)
                0x000000000040b014                __IAT_start__ = .
 SORT(*)(.idata$5)
                0x000000000040b014                __IAT_end__ = .
 SORT(*)(.idata$6)
 SORT(*)(.idata$7)

.CRT            0x000000000040c000        0x0
                0x000000000040c000                ___crt_xc_start__ = .
 *(SORT(.CRT$XC*))
                0x000000000040c000                ___crt_xc_end__ = .
                0x000000000040c000                ___crt_xi_start__ = .
 *(SORT(.CRT$XI*))
                0x000000000040c000                ___crt_xi_end__ = .
                0x000000000040c000                ___crt_xl_start__ = .
 *(SORT(.CRT$XL*))
                0x000000000040c000                ___crt_xp_start__ = .
 *(SORT(.CRT$XP*))
                0x000000000040c000                ___crt_xp_end__ = .
                0x000000000040c000                ___crt_xt_start__ = .
 *(SORT(.CRT$XT*))
                0x000000000040c000                ___crt_xt_end__ = .

.tls            0x000000000040c000        0x0
                0x000000000040c000                ___tls_start__ = .
 *(.tls$AAA)
 *(.tls)
 *(.tls$)
 *(SORT(.tls$*))
 *(.tls$ZZZ)
                0x000000000040c000                ___tls_end__ = .

.endjunk        0x000000000040c000        0x0
                [!provide]                        PROVIDE (end, .)
                [!provide]                        PROVIDE (_end, .)
                0x000000000040c000                __end__ = .

.rsrc
 *(.rsrc)
 *(.rsrc$*)

.reloc
 *(.reloc)

.stab
 *(.stab)

.stabstr
 *(.stabstr)

.debug_aranges  0x000000000040c000      0x200
 *(.debug_aranges)
 .debug_aranges
                0x000000000040c000       0x20 vm86call.o
 .debug_aranges
                0x000000000040c020       0x20 graphics.o
 .debug_aranges
                0x000000000040c040       0x28 main.o
 .debug_aranges
                0x000000000040c068       0x20 lib/sysconf.o
 .debug_aranges
                0x000000000040c088       0x20 lib/math.o
 .debug_aranges
                0x000000000040c0a8       0x20 lib/stdio.o
 .debug_aranges
                0x000000000040c0c8       0x20 lib/stdlib.o
 .debug_aranges
                0x000000000040c0e8       0x20 lib/qsort.o
 .debug_aranges
                0x000000000040c108       0x20 ../lib/softfloat.o
 .debug_aranges
                0x000000000040c128       0x20 ../lib/string.o
 .debug_aranges
                0x000000000040c148       0x20 ../lib/memcpy.o
 .debug_aranges
                0x000000000040c168       0x20 ../lib/memset.o
 .debug_aranges
                0x000000000040c188       0x20 ../lib/snprintf.o
 .debug_aranges
                0x000000000040c1a8       0x20 lib/malloc.o
 .debug_aranges
                0x000000000040c1c8       0x20 ../lib/tlsf/tlsf.o

.zdebug_aranges
 *(.zdebug_aranges)

.debug_pubnames
 *(.debug_pubnames)

.zdebug_pubnames
 *(.zdebug_pubnames)

.debug_pubtypes
 *(.debug_pubtypes)

.zdebug_pubtypes
 *(.zdebug_pubtypes)

.debug_info     0x000000000040d000     0x9a00
 *(.debug_info .gnu.linkonce.wi.*)
 .debug_info    0x000000000040d000      0x395 vm86call.o
 .debug_info    0x000000000040d395     0x121e graphics.o
 .debug_info    0x000000000040e5b3      0xd56 main.o
 .debug_info    0x000000000040f309      0x113 lib/sysconf.o
 .debug_info    0x000000000040f41c      0x66b lib/math.o
 .debug_info    0x000000000040fa87      0x56d lib/stdio.o
 .debug_info    0x000000000040fff4      0x7f6 lib/stdlib.o
 .debug_info    0x00000000004107ea      0xe13 lib/qsort.o
 .debug_info    0x00000000004115fd      0x4ca ../lib/softfloat.o
 .debug_info    0x0000000000411ac7      0x737 ../lib/string.o
 .debug_info    0x00000000004121fe      0x356 ../lib/memcpy.o
 .debug_info    0x0000000000412554      0x213 ../lib/memset.o
 .debug_info    0x0000000000412767      0xf32 ../lib/snprintf.o
 .debug_info    0x0000000000413699      0x34d lib/malloc.o
 .debug_info    0x00000000004139e6     0x2e9c ../lib/tlsf/tlsf.o

.zdebug_info
 *(.zdebug_info .zdebug.gnu.linkonce.wi.*)

.debug_abbrev   0x0000000000417000     0x1a00
 *(.debug_abbrev)
 .debug_abbrev  0x0000000000417000       0xdc vm86call.o
 .debug_abbrev  0x00000000004170dc      0x320 graphics.o
 .debug_abbrev  0x00000000004173fc      0x18f main.o
 .debug_abbrev  0x000000000041758b       0x4a lib/sysconf.o
 .debug_abbrev  0x00000000004175d5      0x189 lib/math.o
 .debug_abbrev  0x000000000041775e      0x14f lib/stdio.o
 .debug_abbrev  0x00000000004178ad      0x226 lib/stdlib.o
 .debug_abbrev  0x0000000000417ad3      0x1ba lib/qsort.o
 .debug_abbrev  0x0000000000417c8d      0x15c ../lib/softfloat.o
 .debug_abbrev  0x0000000000417de9      0x170 ../lib/string.o
 .debug_abbrev  0x0000000000417f59       0x9a ../lib/memcpy.o
 .debug_abbrev  0x0000000000417ff3       0x76 ../lib/memset.o
 .debug_abbrev  0x0000000000418069      0x2e3 ../lib/snprintf.o
 .debug_abbrev  0x000000000041834c      0x135 lib/malloc.o
 .debug_abbrev  0x0000000000418481      0x483 ../lib/tlsf/tlsf.o

.zdebug_abbrev
 *(.zdebug_abbrev)

.debug_line     0x0000000000419000     0x1a00
 *(.debug_line)
 .debug_line    0x0000000000419000       0xa1 vm86call.o
 .debug_line    0x00000000004190a1      0x2d5 graphics.o
 .debug_line    0x0000000000419376      0x18f main.o
 .debug_line    0x0000000000419505       0x3e lib/sysconf.o
 .debug_line    0x0000000000419543      0x121 lib/math.o
 .debug_line    0x0000000000419664       0xb9 lib/stdio.o
 .debug_line    0x000000000041971d      0x228 lib/stdlib.o
 .debug_line    0x0000000000419945      0x265 lib/qsort.o
 .debug_line    0x0000000000419baa       0xcb ../lib/softfloat.o
 .debug_line    0x0000000000419c75      0x146 ../lib/string.o
 .debug_line    0x0000000000419dbb      0x17c ../lib/memcpy.o
 .debug_line    0x0000000000419f37       0xcc ../lib/memset.o
 .debug_line    0x000000000041a003      0x39d ../lib/snprintf.o
 .debug_line    0x000000000041a3a0       0xa6 lib/malloc.o
 .debug_line    0x000000000041a446      0x565 ../lib/tlsf/tlsf.o

.zdebug_line
 *(.zdebug_line)

.debug_frame    0x000000000041b000     0x1400
 *(.debug_frame*)
 .debug_frame   0x000000000041b000       0x54 vm86call.o
 .debug_frame   0x000000000041b054      0x1dc graphics.o
 .debug_frame   0x000000000041b230       0xec main.o
 .debug_frame   0x000000000041b31c       0x24 lib/sysconf.o
 .debug_frame   0x000000000041b340      0x14c lib/math.o
 .debug_frame   0x000000000041b48c      0x110 lib/stdio.o
 .debug_frame   0x000000000041b59c      0x14c lib/stdlib.o
 .debug_frame   0x000000000041b6e8       0x84 lib/qsort.o
 .debug_frame   0x000000000041b76c      0x13c ../lib/softfloat.o
 .debug_frame   0x000000000041b8a8      0x238 ../lib/string.o
 .debug_frame   0x000000000041bae0       0x80 ../lib/memcpy.o
 .debug_frame   0x000000000041bb60       0x5c ../lib/memset.o
 .debug_frame   0x000000000041bbbc       0xec ../lib/snprintf.o
 .debug_frame   0x000000000041bca8       0x9c lib/malloc.o
 .debug_frame   0x000000000041bd44      0x4c4 ../lib/tlsf/tlsf.o

.zdebug_frame
 *(.zdebug_frame*)

.debug_str      0x000000000041d000      0x200
 *(.debug_str)
 .debug_str     0x000000000041d000        0x0 vm86call.o
 .debug_str     0x000000000041d000       0x63 graphics.o
 .debug_str     0x000000000041d063       0x5b main.o
 .debug_str     0x000000000041d0be        0x0 lib/sysconf.o
 .debug_str     0x000000000041d0be        0x0 lib/math.o
 .debug_str     0x000000000041d0be        0xf lib/stdio.o
 .debug_str     0x000000000041d0cd        0xa lib/stdlib.o
 .debug_str     0x000000000041d0d7        0x9 lib/qsort.o
 .debug_str     0x000000000041d0e0        0x0 ../lib/softfloat.o
 .debug_str     0x000000000041d0e0        0x0 ../lib/string.o
 .debug_str     0x000000000041d0e0       0x17 ../lib/memcpy.o
 .debug_str     0x000000000041d0f7        0x0 ../lib/memset.o
 .debug_str     0x000000000041d0f7       0x2c ../lib/snprintf.o
 .debug_str     0x000000000041d123       0x37 lib/malloc.o
 .debug_str     0x000000000041d15a       0x6e ../lib/tlsf/tlsf.o

.zdebug_str
 *(.zdebug_str)

.debug_loc      0x000000000041e000     0x9400
 *(.debug_loc)
 .debug_loc     0x000000000041e000      0x1c4 vm86call.o
 .debug_loc     0x000000000041e1c4      0x7bc graphics.o
 .debug_loc     0x000000000041e980      0x350 main.o
 .debug_loc     0x000000000041ecd0      0x6a5 lib/math.o
 .debug_loc     0x000000000041f375      0x1e2 lib/stdio.o
 .debug_loc     0x000000000041f557      0x951 lib/stdlib.o
 .debug_loc     0x000000000041fea8     0x1579 lib/qsort.o
 .debug_loc     0x0000000000421421      0x463 ../lib/softfloat.o
 .debug_loc     0x0000000000421884      0x91a ../lib/string.o
 .debug_loc     0x000000000042219e     0x1238 ../lib/memcpy.o
 .debug_loc     0x00000000004233d6      0x1eb ../lib/memset.o
 .debug_loc     0x00000000004235c1     0x1fd1 ../lib/snprintf.o
 .debug_loc     0x0000000000425592       0x13 lib/malloc.o
 .debug_loc     0x00000000004255a5     0x1e4e ../lib/tlsf/tlsf.o

.zdebug_loc
 *(.zdebug_loc)

.debug_macinfo
 *(.debug_macinfo)

.zdebug_macinfo
 *(.zdebug_macinfo)

.debug_weaknames
 *(.debug_weaknames)

.zdebug_weaknames
 *(.zdebug_weaknames)

.debug_funcnames
 *(.debug_funcnames)

.zdebug_funcnames
 *(.zdebug_funcnames)

.debug_typenames
 *(.debug_typenames)

.zdebug_typenames
 *(.zdebug_typenames)

.debug_varnames
 *(.debug_varnames)

.zdebug_varnames
 *(.zdebug_varnames)

.debug_macro
 *(.debug_macro)

.zdebug_macro
 *(.zdebug_macro)

.debug_ranges   0x0000000000428000      0xc00
 *(.debug_ranges)
 .debug_ranges  0x0000000000428000       0x40 graphics.o
 .debug_ranges  0x0000000000428040       0x30 main.o
 .debug_ranges  0x0000000000428070       0x38 lib/math.o
 .debug_ranges  0x00000000004280a8       0x30 lib/stdlib.o
 .debug_ranges  0x00000000004280d8      0x3a0 lib/qsort.o
 .debug_ranges  0x0000000000428478       0x48 ../lib/softfloat.o
 .debug_ranges  0x00000000004284c0       0x48 ../lib/string.o
 .debug_ranges  0x0000000000428508       0x90 ../lib/memcpy.o
 .debug_ranges  0x0000000000428598      0x1a8 ../lib/snprintf.o
 .debug_ranges  0x0000000000428740       0x20 lib/malloc.o
 .debug_ranges  0x0000000000428760      0x4a0 ../lib/tlsf/tlsf.o

.zdebug_ranges
 *(.zdebug_ranges)

.debug_types
 *(.debug_types .gnu.linkonce.wt.*)

.zdebug_types
 *(.zdebug_types .gnu.linkonce.wt.*)

.debug_gdb_scripts
 *(.debug_gdb_scripts)

.zdebug_gdb_scripts
 *(.zdebug_gdb_scripts)
OUTPUT(a.out pei-i386)
